{
  "greeting": "Բարև ձեզ"
}